Testing file: static/uploads/temp_pds\temp_1774322037_Sample-pds.xlsx
Row 2, Col 1: '34.'
Row 2, Col 2: '34.'
Row 8, Col 3: 'b. within the fourth degree (for Local Government Unit - Career Employees)?'
Row 8, Col 4: 'b. within the fourth degree (for Local Government Unit - Career Employees)?'
Row 8, Col 5: 'b. within the fourth degree (for Local Government Unit - Career Employees)?'
Row 8, Col 6: 'b. within the fourth degree (for Local Government Unit - Career Employees)?'
Row 13, Col 1: '35.'
Row 13, Col 2: '35.'
Row 23, Col 1: '36.'
Row 23, Col 2: '36.'
Row 27, Col 1: '37.'
Row 27, Col 2: '37.'
Row 31, Col 1: '38.'
Row 31, Col 2: '38.'
Row 34, Col 3: 'b. Have you resigned from the government service during the three (3)-month period before the last election to promote/actively campaign for a national or local candidate?'
Row 34, Col 4: 'b. Have you resigned from the government service during the three (3)-month period before the last election to promote/actively campaign for a national or local candidate?'
Row 34, Col 5: 'b. Have you resigned from the government service during the three (3)-month period before the last election to promote/actively campaign for a national or local candidate?'
Row 34, Col 6: 'b. Have you resigned from the government service during the three (3)-month period before the last election to promote/actively campaign for a national or local candidate?'
Row 35, Col 3: 'b. Have you resigned from the government service during the three (3)-month period before the last election to promote/actively campaign for a national or local candidate?'
Row 35, Col 4: 'b. Have you resigned from the government service during the three (3)-month period before the last election to promote/actively campaign for a national or local candidate?'
Row 35, Col 5: 'b. Have you resigned from the government service during the three (3)-month period before the last election to promote/actively campaign for a national or local candidate?'
Row 35, Col 6: 'b. Have you resigned from the government service during the three (3)-month period before the last election to promote/actively campaign for a national or local candidate?'
Row 36, Col 3: 'b. Have you resigned from the government service during the three (3)-month period before the last election to promote/actively campaign for a national or local candidate?'
Row 36, Col 4: 'b. Have you resigned from the government service during the three (3)-month period before the last election to promote/actively campaign for a national or local candidate?'
Row 36, Col 5: 'b. Have you resigned from the government service during the three (3)-month period before the last election to promote/actively campaign for a national or local candidate?'
Row 36, Col 6: 'b. Have you resigned from the government service during the three (3)-month period before the last election to promote/actively campaign for a national or local candidate?'
Row 37, Col 1: '39.'
Row 37, Col 2: '39.'
Row 41, Col 1: '40.'
Row 41, Col 2: '40.'
Row 41, Col 3: "Pursuant to: (a) Indigenous People's Act (RA 8371); (b) Magna Carta for Disabled Persons (RA 7277, as amended); and (c) Expanded Solo Parents Welfare Act (RA 11861), please answer the following items:"
Row 41, Col 4: "Pursuant to: (a) Indigenous People's Act (RA 8371); (b) Magna Carta for Disabled Persons (RA 7277, as amended); and (c) Expanded Solo Parents Welfare Act (RA 11861), please answer the following items:"
Row 41, Col 5: "Pursuant to: (a) Indigenous People's Act (RA 8371); (b) Magna Carta for Disabled Persons (RA 7277, as amended); and (c) Expanded Solo Parents Welfare Act (RA 11861), please answer the following items:"
Row 41, Col 6: "Pursuant to: (a) Indigenous People's Act (RA 8371); (b) Magna Carta for Disabled Persons (RA 7277, as amended); and (c) Expanded Solo Parents Welfare Act (RA 11861), please answer the following items:"
Row 42, Col 3: "Pursuant to: (a) Indigenous People's Act (RA 8371); (b) Magna Carta for Disabled Persons (RA 7277, as amended); and (c) Expanded Solo Parents Welfare Act (RA 11861), please answer the following items:"
Row 42, Col 4: "Pursuant to: (a) Indigenous People's Act (RA 8371); (b) Magna Carta for Disabled Persons (RA 7277, as amended); and (c) Expanded Solo Parents Welfare Act (RA 11861), please answer the following items:"
Row 42, Col 5: "Pursuant to: (a) Indigenous People's Act (RA 8371); (b) Magna Carta for Disabled Persons (RA 7277, as amended); and (c) Expanded Solo Parents Welfare Act (RA 11861), please answer the following items:"
Row 42, Col 6: "Pursuant to: (a) Indigenous People's Act (RA 8371); (b) Magna Carta for Disabled Persons (RA 7277, as amended); and (c) Expanded Solo Parents Welfare Act (RA 11861), please answer the following items:"
Row 50, Col 1: '41.'
Row 50, Col 2: '41.'
Row 50, Col 3: 'REFERENCES (Person not related by consanguinity or affinity to applicant /appointee)'
Row 60, Col 2: "Government Issued ID (i.e.Passport, GSIS, SSS, PRC, Driver's License, etc.)                               \nPLEASE INDICATE ID Number and Date of Issuance"
Row 60, Col 3: "Government Issued ID (i.e.Passport, GSIS, SSS, PRC, Driver's License, etc.)                               \nPLEASE INDICATE ID Number and Date of Issuance"
Row 60, Col 4: "Government Issued ID (i.e.Passport, GSIS, SSS, PRC, Driver's License, etc.)                               \nPLEASE INDICATE ID Number and Date of Issuance"
Row 61, Col 2: 'Government Issued ID:'
Row 61, Col 3: 'Government Issued ID:'
Row 67, Col 1: 'SUBSCRIBED AND SWORN to before me this                                                               , affiant exhibiting his/her validly issued government ID as indicated above.'
Row 67, Col 2: 'SUBSCRIBED AND SWORN to before me this                                                               , affiant exhibiting his/her validly issued government ID as indicated above.'
Row 67, Col 3: 'SUBSCRIBED AND SWORN to before me this                                                               , affiant exhibiting his/her validly issued government ID as indicated above.'
Row 67, Col 4: 'SUBSCRIBED AND SWORN to before me this                                                               , affiant exhibiting his/her validly issued government ID as indicated above.'
Row 67, Col 5: 'SUBSCRIBED AND SWORN to before me this                                                               , affiant exhibiting his/her validly issued government ID as indicated above.'
Row 67, Col 6: 'SUBSCRIBED AND SWORN to before me this                                                               , affiant exhibiting his/her validly issued government ID as indicated above.'
Row 67, Col 7: 'SUBSCRIBED AND SWORN to before me this                                                               , affiant exhibiting his/her validly issued government ID as indicated above.'
Row 67, Col 8: 'SUBSCRIBED AND SWORN to before me this                                                               , affiant exhibiting his/her validly issued government ID as indicated above.'
Row 67, Col 9: 'SUBSCRIBED AND SWORN to before me this                                                               , affiant exhibiting his/her validly issued government ID as indicated above.'
Row 67, Col 10: 'SUBSCRIBED AND SWORN to before me this                                                               , affiant exhibiting his/her validly issued government ID as indicated above.'
Row 67, Col 11: 'SUBSCRIBED AND SWORN to before me this                                                               , affiant exhibiting his/her validly issued government ID as indicated above.'
Row 67, Col 12: 'SUBSCRIBED AND SWORN to before me this                                                               , affiant exhibiting his/her validly issued government ID as indicated above.'
Row 67, Col 13: 'SUBSCRIBED AND SWORN to before me this                                                               , affiant exhibiting his/her validly issued government ID as indicated above.'
